// Jest Snapshot v1, https://goo.gl/fbAQLP

exports[`renders pokemon item 1`] = `"BackBulbasaur001Max HP: 1071Max CP: 951Type: Grass, PoisonEvolutions:IvysaurMore"`;
